// Jest Snapshot v1, https://goo.gl/fbAQLP

exports[`GifItem component tests should match against snapshot 1`] = `
<div>
  <div
    class="card"
  >
    <img
      alt="A title"
      src="https://localhost/algo.jpg"
    />
    <p>
      A title
    </p>
  </div>
</div>
`;
