// Jest Snapshot v1, https://goo.gl/fbAQLP

exports[`CounterApp tests should match with snapshot 1`] = `
<div>
  <h1>
    CounterApp
  </h1>
  <h2>
    0
  </h2>
  <button>
    -1
  </button>
  <button
    aria-label="reset"
  >
    reset
  </button>
  <button>
    +1
  </button>
</div>
`;
